// Jest Snapshot v1, https://goo.gl/fbAQLP

exports[`FormCodeDisplay matches snapshot 1`] = `
"<FormCodeDisplay value=\\"value\\" type=\\"type\\">
  <div className=\\"form-code-display\\">
    <div className=\\"form-code-display_type\\">
      type
    </div>
    <div className=\\"form-code-display_value\\">
      <pre>
        value
      </pre>
    </div>
  </div>
</FormCodeDisplay>"
`;
