// Jest Snapshot v1, https://goo.gl/fbAQLP

exports[`AddTranslation matches snapshot 1`] = `
"<AddTranslation setShowModal={[Function: setShowModal]}>
  <div className=\\"add-translation\\">
    <Formik initialValues={{...}} validationSchema={{...}} onSubmit={[Function: submitForm]} validateOnChange={true} validateOnBlur={true} isInitialValid={false} enableReinitialize={false}>
      <form onSubmit={[Function]} noValidate={true}>
        <div className=\\"add-translation_fields-line\\">
          <FormInput label=\\"Name\\" type=\\"text\\" name=\\"name\\" onChange={[Function]} onBlur={[Function]} value=\\"\\" errors={[undefined]} touched={[undefined]}>
            <div className=\\"form-input undefined\\">
              <p className=\\"form-input_label\\">
                Name
              </p>
              <input name=\\"name\\" type=\\"text\\" onChange={[Function]} onBlur={[Function]} placeholder=\\"Name\\" value=\\"\\" test-id=\\"input-test\\" className=\\"form-input_input\\" />
              <div className=\\"form-input_validation-marker undefined\\" />
              <div className=\\"form-input_error\\" />
            </div>
          </FormInput>
          <FormInput label=\\"Author\\" type=\\"text\\" name=\\"author\\" onChange={[Function]} onBlur={[Function]} value=\\"\\" errors={[undefined]} touched={[undefined]}>
            <div className=\\"form-input undefined\\">
              <p className=\\"form-input_label\\">
                Author
              </p>
              <input name=\\"author\\" type=\\"text\\" onChange={[Function]} onBlur={[Function]} placeholder=\\"Author\\" value=\\"\\" test-id=\\"input-test\\" className=\\"form-input_input\\" />
              <div className=\\"form-input_validation-marker undefined\\" />
              <div className=\\"form-input_error\\" />
            </div>
          </FormInput>
        </div>
        <FormTextarea label=\\"Description\\" placeholder=\\"Fill in the description.\\" name=\\"description\\" onChange={[Function]} onBlur={[Function]} value=\\"\\" errors={[undefined]} touched={[undefined]}>
          <div className=\\"form-textarea undefined\\">
            <div className=\\"form-textarea_label\\">
              Description
            </div>
            <textarea className=\\"form-textarea_input\\" placeholder=\\"Fill in the description.\\" name=\\"description\\" onChange={[Function]} onBlur={[Function]} value=\\"\\" />
            <div className=\\"form-textarea_error\\" />
          </div>
        </FormTextarea>
        <div className=\\"add-translation_code-displays\\">
          <FormCodeDisplay value=\\"parameter int;\\\\nstorage int;\\\\ncode { CAR ;\\\\n       PUSH int 1 ;\\\\n       ADD ;\\\\n       NIL operation ;\\\\n       PAIR }\\" type=\\"Micheline\\">
            <div className=\\"form-code-display\\">
              <div className=\\"form-code-display_type\\">
                Micheline
              </div>
              <div className=\\"form-code-display_value\\">
                <pre>
                  parameter int;
                  storage int;
                  code { CAR ;
                         PUSH int 1 ;
                         ADD ;
                         NIL operation ;
                         PAIR }
                </pre>
              </div>
            </div>
          </FormCodeDisplay>
          <FormCodeDisplay value=\\"[ { \\"prim\\": \\"parameter\\", \\"args\\": [ { \\"prim\\": \\"int\\" } ] }, { \\"prim\\": \\"storage\\", \\"args\\": [ { \\"prim\\": \\"int\\" } ] }, { \\"prim\\": \\"code\\", \\"args\\": [ [ { \\"prim\\": \\"CAR\\" },{ \\"prim\\": \\"PUSH\\", \\"args\\": [ { \\"prim\\": \\"int\\" }, { \\"int\\": \\"1\\" } ] },{ \\"prim\\": \\"ADD\\" },{ \\"prim\\": \\"NIL\\", \\"args\\": [ { \\"prim\\": \\"operation\\" } ] },{ \\"prim\\": \\"PAIR\\" } ] ] } ]\\\\n\\" type=\\"Michelson\\">
            <div className=\\"form-code-display\\">
              <div className=\\"form-code-display_type\\">
                Michelson
              </div>
              <div className=\\"form-code-display_value\\">
                <pre>
                  [ { &quot;prim&quot;: &quot;parameter&quot;, &quot;args&quot;: [ { &quot;prim&quot;: &quot;int&quot; } ] }, { &quot;prim&quot;: &quot;storage&quot;, &quot;args&quot;: [ { &quot;prim&quot;: &quot;int&quot; } ] }, { &quot;prim&quot;: &quot;code&quot;, &quot;args&quot;: [ [ { &quot;prim&quot;: &quot;CAR&quot; },{ &quot;prim&quot;: &quot;PUSH&quot;, &quot;args&quot;: [ { &quot;prim&quot;: &quot;int&quot; }, { &quot;int&quot;: &quot;1&quot; } ] },{ &quot;prim&quot;: &quot;ADD&quot; },{ &quot;prim&quot;: &quot;NIL&quot;, &quot;args&quot;: [ { &quot;prim&quot;: &quot;operation&quot; } ] },{ &quot;prim&quot;: &quot;PAIR&quot; } ] ] } ]
                  
                </pre>
              </div>
            </div>
          </FormCodeDisplay>
        </div>
        <div className=\\"add-translation_buttons\\">
          <FormButton label=\\"cancel\\" type=\\"secondary\\" onClick={[Function: onClick]}>
            <button className=\\"form-button form-button_secondary undefined\\" data-testid=\\"form-button\\" onClick={[Function: onClick]} disabled={[undefined]}>
              cancel
            </button>
          </FormButton>
          <FormButton label=\\"save\\" type=\\"submit\\" onClick={[Function: onClick]} disabled={false}>
            <button className=\\"form-button form-button_submit undefined\\" data-testid=\\"form-button\\" onClick={[Function: onClick]} disabled={false}>
              save
            </button>
          </FormButton>
        </div>
      </form>
    </Formik>
  </div>
</AddTranslation>"
`;
