// Jest Snapshot v1, https://goo.gl/fbAQLP

exports[`ContactInfo matches snapshot 1`] = `
"<ContactInfo>
  <div className=\\"contact-info\\">
    <h2>
      Contact info
    </h2>
    <div className=\\"contact-info_container\\">
      <img className=\\"contact-info_img\\" alt=\\"\\" src=\\"/scalac2.svg\\" />
      <div className=\\"contact-info_title-container\\">
        <div className=\\"contact-info_title\\">
          <h3>
            Micheline/Michelson Translator
          </h3>
          <h6>
            v
            0.1.0
          </h6>
        </div>
      </div>
      <div className=\\"contact-info_value-container\\">
        <div>
          <p className=\\"contact-info_contact-label\\">
            Email us
          </p>
          <p className=\\"contact-info_contact-label\\">
            Call us
          </p>
        </div>
        <div className=\\"contact-info_value\\">
          <p className=\\"contact-info_contact\\">
            mmt-admin@scalac.io
          </p>
        </div>
      </div>
    </div>
  </div>
</ContactInfo>"
`;
