// Jest Snapshot v1, https://goo.gl/fbAQLP

exports[`ContactForm matches snapshot 1`] = `
"<ContactForm>
  <div className=\\"contact-form\\">
    <h2>
      Send message
    </h2>
    <Formik initialValues={{...}} onSubmit={[Function: submitForm]} validate={[Function: validate]}>
      <form onSubmit={[Function]} noValidate={true}>
        <div className=\\"contact-form_line\\">
          <FormInput label=\\"Name\\" type=\\"text\\" name=\\"name\\" onChange={[Function]} onBlur={[Function]} value=\\"\\" errors={[undefined]} touched={[undefined]} className=\\"contact-form_name\\">
            <div className=\\"form-input contact-form_name\\">
              <p className=\\"form-input_label\\">
                Name
              </p>
              <input name=\\"name\\" type=\\"text\\" onChange={[Function]} onBlur={[Function]} placeholder=\\"Name\\" value=\\"\\" test-id=\\"input-test\\" className=\\"form-input_input\\" disabled={[undefined]} />
              <div>
                <div className=\\"form-input_validation-marker undefined\\" />
                <div className=\\"form-input_error\\" />
              </div>
            </div>
          </FormInput>
        </div>
        <div className=\\"contact-form_line\\">
          <FormInput label=\\"Phone\\" type=\\"text\\" name=\\"phone\\" onChange={[Function]} onBlur={[Function]} value=\\"\\" errors={[undefined]} touched={[undefined]}>
            <div className=\\"form-input undefined\\">
              <p className=\\"form-input_label\\">
                Phone
              </p>
              <input name=\\"phone\\" type=\\"text\\" onChange={[Function]} onBlur={[Function]} placeholder=\\"Phone\\" value=\\"\\" test-id=\\"input-test\\" className=\\"form-input_input\\" disabled={[undefined]} />
              <div>
                <div className=\\"form-input_validation-marker undefined\\" />
                <div className=\\"form-input_error\\" />
              </div>
            </div>
          </FormInput>
          <FormInput label=\\"Email\\" type=\\"email\\" name=\\"email\\" onChange={[Function]} onBlur={[Function]} value=\\"\\" errors={[undefined]} touched={[undefined]}>
            <div className=\\"form-input undefined\\">
              <p className=\\"form-input_label\\">
                Email
              </p>
              <input name=\\"email\\" type=\\"email\\" onChange={[Function]} onBlur={[Function]} placeholder=\\"Email\\" value=\\"\\" test-id=\\"input-test\\" className=\\"form-input_input\\" disabled={[undefined]} />
              <div>
                <div className=\\"form-input_validation-marker undefined\\" />
                <div className=\\"form-input_error\\" />
              </div>
            </div>
          </FormInput>
        </div>
        <div className=\\"contact-form_line\\">
          <FormInput label=\\"How we can help you?\\" type=\\"text\\" name=\\"content\\" onChange={[Function]} onBlur={[Function]} value=\\"\\" errors={[undefined]} touched={[undefined]} className=\\"contact-form_message\\">
            <div className=\\"form-input contact-form_message\\">
              <p className=\\"form-input_label\\">
                How we can help you?
              </p>
              <input name=\\"content\\" type=\\"text\\" onChange={[Function]} onBlur={[Function]} placeholder=\\"How we can help you?\\" value=\\"\\" test-id=\\"input-test\\" className=\\"form-input_input\\" disabled={[undefined]} />
              <div>
                <div className=\\"form-input_validation-marker undefined\\" />
                <div className=\\"form-input_error\\" />
              </div>
            </div>
          </FormInput>
        </div>
        <FormButton label=\\"Submit\\" stylingType=\\"submit\\" type=\\"submit\\" disabled={false}>
          <button className=\\"form-button form-button_submit undefined\\" data-testid=\\"form-button\\" disabled={false} type=\\"submit\\" onClick={[undefined]}>
            Submit
          </button>
        </FormButton>
      </form>
    </Formik>
  </div>
</ContactForm>"
`;
